{
    "fastq.gz & DEMO & DEMO_diamond": {
        "content": [
            {
                "0": [
                    [
                        {
                            "id": "test",
                            "single_end": true
                        },
                        "concatenated_fastq_files_genefamilies.tsv:md5,90abfb8e7452c8ec200a30afbaefa820"
                    ]
                ],
                "1": [
                    [
                        {
                            "id": "test",
                            "single_end": true
                        },
                        "concatenated_fastq_files_pathabundance.tsv:md5,41ef86f099f900c9fe62172665a8973c"
                    ]
                ],
                "2": [
                    [
                        {
                            "id": "test",
                            "single_end": true
                        },
                        "concatenated_fastq_files_pathcoverage.tsv:md5,8bda4cffb29d65a73716e11f0b8bf712"
                    ]
                ],
                "3": [
                    [
                        {
                            "id": "test",
                            "single_end": true
                        },
                        "test.log:md5,b56a5a28449db36fdb7ae8d9be46019e"
                    ]
                ],
                "4": [
                    "versions.yml:md5,ec12a2ee414ef5a97015efd842118bc1"
                ],
                "genefamilies": [
                    [
                        {
                            "id": "test",
                            "single_end": true
                        },
                        "concatenated_fastq_files_genefamilies.tsv:md5,90abfb8e7452c8ec200a30afbaefa820"
                    ]
                ],
                "log": [
                    [
                        {
                            "id": "test",
                            "single_end": true
                        },
                        "test.log:md5,b56a5a28449db36fdb7ae8d9be46019e"
                    ]
                ],
                "pathabundance": [
                    [
                        {
                            "id": "test",
                            "single_end": true
                        },
                        "concatenated_fastq_files_pathabundance.tsv:md5,41ef86f099f900c9fe62172665a8973c"
                    ]
                ],
                "pathcoverage": [
                    [
                        {
                            "id": "test",
                            "single_end": true
                        },
                        "concatenated_fastq_files_pathcoverage.tsv:md5,8bda4cffb29d65a73716e11f0b8bf712"
                    ]
                ],
                "versions": [
                    "versions.yml:md5,ec12a2ee414ef5a97015efd842118bc1"
                ]
            }
        ],
        "meta": {
            "nf-test": "0.8.4",
            "nextflow": "24.04.2"
        },
        "timestamp": "2024-06-25T07:29:42.690830114"
    },
    "HUMANN_HUMANN with Biobakery demo fastq and metaphlan profile": {
        "content": [
            {
                "0": [
                    
                ],
                "1": [
                    
                ],
                "2": [
                    
                ],
                "3": [
                    
                ],
                "4": [
                    
                ],
                "genefamilies": [
                    
                ],
                "log": [
                    
                ],
                "pathabundance": [
                    
                ],
                "pathcoverage": [
                    
                ],
                "versions": [
                    
                ]
            }
        ],
        "meta": {
            "nf-test": "0.8.4",
            "nextflow": "23.10.1"
        },
        "timestamp": "2024-05-01T23:03:57.555977518"
    },
    "sarscov2 - bam - stub": {
        "content": [
            {
                "0": [
                    [
                        {
                            "id": "test",
                            "single_end": true
                        },
                        "test_genefamilies.tsv:md5,d41d8cd98f00b204e9800998ecf8427e"
                    ]
                ],
                "1": [
                    [
                        {
                            "id": "test",
                            "single_end": true
                        },
                        "test_pathabundance.tsv:md5,d41d8cd98f00b204e9800998ecf8427e"
                    ]
                ],
                "2": [
                    [
                        {
                            "id": "test",
                            "single_end": true
                        },
                        "test_pathcoverage.tsv:md5,d41d8cd98f00b204e9800998ecf8427e"
                    ]
                ],
                "3": [
                    [
                        {
                            "id": "test",
                            "single_end": true
                        },
                        "test.log:md5,d41d8cd98f00b204e9800998ecf8427e"
                    ]
                ],
                "4": [
                    "versions.yml:md5,ec12a2ee414ef5a97015efd842118bc1"
                ],
                "genefamilies": [
                    [
                        {
                            "id": "test",
                            "single_end": true
                        },
                        "test_genefamilies.tsv:md5,d41d8cd98f00b204e9800998ecf8427e"
                    ]
                ],
                "log": [
                    [
                        {
                            "id": "test",
                            "single_end": true
                        },
                        "test.log:md5,d41d8cd98f00b204e9800998ecf8427e"
                    ]
                ],
                "pathabundance": [
                    [
                        {
                            "id": "test",
                            "single_end": true
                        },
                        "test_pathabundance.tsv:md5,d41d8cd98f00b204e9800998ecf8427e"
                    ]
                ],
                "pathcoverage": [
                    [
                        {
                            "id": "test",
                            "single_end": true
                        },
                        "test_pathcoverage.tsv:md5,d41d8cd98f00b204e9800998ecf8427e"
                    ]
                ],
                "versions": [
                    "versions.yml:md5,ec12a2ee414ef5a97015efd842118bc1"
                ]
            }
        ],
        "meta": {
            "nf-test": "0.8.4",
            "nextflow": "23.10.1"
        },
        "timestamp": "2024-04-19T21:44:03.126978394"
    },
    "bacteroides_fragilis - illumina - test1_contigs_fa_gz - stub": {
        "content": [
            {
                "0": [
                    
                ],
                "1": [
                    
                ],
                "2": [
                    
                ],
                "3": [
                    
                ],
                "genefamilies": [
                    
                ],
                "pathabundance": [
                    
                ],
                "pathcoverage": [
                    
                ],
                "versions": [
                    
                ]
            }
        ],
        "meta": {
            "nf-test": "0.8.4",
            "nextflow": "23.10.1"
        },
        "timestamp": "2024-04-19T07:49:55.763714667"
    },
    "demo.fasta.gz - stub": {
        "content": [
            {
                "0": [
                    [
                        {
                            "id": "test",
                            "single_end": true
                        },
                        "test_genefamilies.tsv:md5,d41d8cd98f00b204e9800998ecf8427e"
                    ]
                ],
                "1": [
                    [
                        {
                            "id": "test",
                            "single_end": true
                        },
                        "test_pathabundance.tsv:md5,d41d8cd98f00b204e9800998ecf8427e"
                    ]
                ],
                "2": [
                    [
                        {
                            "id": "test",
                            "single_end": true
                        },
                        "test_pathcoverage.tsv:md5,d41d8cd98f00b204e9800998ecf8427e"
                    ]
                ],
                "3": [
                    [
                        {
                            "id": "test",
                            "single_end": true
                        },
                        "test.log:md5,d41d8cd98f00b204e9800998ecf8427e"
                    ]
                ],
                "4": [
                    "versions.yml:md5,ec12a2ee414ef5a97015efd842118bc1"
                ],
                "genefamilies": [
                    [
                        {
                            "id": "test",
                            "single_end": true
                        },
                        "test_genefamilies.tsv:md5,d41d8cd98f00b204e9800998ecf8427e"
                    ]
                ],
                "log": [
                    [
                        {
                            "id": "test",
                            "single_end": true
                        },
                        "test.log:md5,d41d8cd98f00b204e9800998ecf8427e"
                    ]
                ],
                "pathabundance": [
                    [
                        {
                            "id": "test",
                            "single_end": true
                        },
                        "test_pathabundance.tsv:md5,d41d8cd98f00b204e9800998ecf8427e"
                    ]
                ],
                "pathcoverage": [
                    [
                        {
                            "id": "test",
                            "single_end": true
                        },
                        "test_pathcoverage.tsv:md5,d41d8cd98f00b204e9800998ecf8427e"
                    ]
                ],
                "versions": [
                    "versions.yml:md5,ec12a2ee414ef5a97015efd842118bc1"
                ]
            }
        ],
        "meta": {
            "nf-test": "0.8.4",
            "nextflow": "24.04.2"
        },
        "timestamp": "2024-06-25T06:04:44.574637685"
    }
}