{
    "test_cat_fastq_single_end": {
        "content": [
            {
                "0": [
                    [
                        {
                            "id": "test",
                            "single_end": true
                        },
                        "test.merged.fastq.gz:md5,ee314a9bd568d06617171b0c85f508da"
                    ]
                ],
                "1": [
                    "versions.yml:md5,6ef4fd28546a005865b9454bbedbf81a"
                ],
                "reads": [
                    [
                        {
                            "id": "test",
                            "single_end": true
                        },
                        "test.merged.fastq.gz:md5,ee314a9bd568d06617171b0c85f508da"
                    ]
                ],
                "versions": [
                    "versions.yml:md5,6ef4fd28546a005865b9454bbedbf81a"
                ]
            }
        ],
        "meta": {
            "nf-test": "0.8.4",
            "nextflow": "23.10.1"
        },
        "timestamp": "2024-04-29T16:37:47.975356185"
    },
    "test_cat_fastq_single_end_same_name": {
        "content": [
            {
                "0": [
                    [
                        {
                            "id": "test",
                            "single_end": true
                        },
                        "test.merged.fastq.gz:md5,3ad9406595fafec8172368f9cd0b6a22"
                    ]
                ],
                "1": [
                    "versions.yml:md5,6ef4fd28546a005865b9454bbedbf81a"
                ],
                "reads": [
                    [
                        {
                            "id": "test",
                            "single_end": true
                        },
                        "test.merged.fastq.gz:md5,3ad9406595fafec8172368f9cd0b6a22"
                    ]
                ],
                "versions": [
                    "versions.yml:md5,6ef4fd28546a005865b9454bbedbf81a"
                ]
            }
        ],
        "meta": {
            "nf-test": "0.8.4",
            "nextflow": "23.10.1"
        },
        "timestamp": "2024-04-29T16:38:07.072948608"
    },
    "test_cat_fastq_single_end_single_file": {
        "content": [
            {
                "0": [
                    [
                        {
                            "id": "test",
                            "single_end": true
                        },
                        "test.merged.fastq.gz:md5,4161df271f9bfcd25d5845a1e220dbec"
                    ]
                ],
                "1": [
                    "versions.yml:md5,6ef4fd28546a005865b9454bbedbf81a"
                ],
                "reads": [
                    [
                        {
                            "id": "test",
                            "single_end": true
                        },
                        "test.merged.fastq.gz:md5,4161df271f9bfcd25d5845a1e220dbec"
                    ]
                ],
                "versions": [
                    "versions.yml:md5,6ef4fd28546a005865b9454bbedbf81a"
                ]
            }
        ],
        "meta": {
            "nf-test": "0.8.4",
            "nextflow": "23.10.1"
        },
        "timestamp": "2024-04-29T16:38:27.676571604"
    },
    "test_cat_fastq_paired_end_same_name": {
        "content": [
            {
                "0": [
                    [
                        {
                            "id": "test",
                            "single_end": false
                        },
                        [
                            "test_1.merged.fastq.gz:md5,3ad9406595fafec8172368f9cd0b6a22",
                            "test_2.merged.fastq.gz:md5,a52cab0b840c7178b0ea83df1fdbe8d5"
                        ]
                    ]
                ],
                "1": [
                    "versions.yml:md5,6ef4fd28546a005865b9454bbedbf81a"
                ],
                "reads": [
                    [
                        {
                            "id": "test",
                            "single_end": false
                        },
                        [
                            "test_1.merged.fastq.gz:md5,3ad9406595fafec8172368f9cd0b6a22",
                            "test_2.merged.fastq.gz:md5,a52cab0b840c7178b0ea83df1fdbe8d5"
                        ]
                    ]
                ],
                "versions": [
                    "versions.yml:md5,6ef4fd28546a005865b9454bbedbf81a"
                ]
            }
        ],
        "meta": {
            "nf-test": "0.8.4",
            "nextflow": "23.10.1"
        },
        "timestamp": "2024-04-29T16:38:17.110718248"
    },
    "test_cat_fastq_paired_end": {
        "content": [
            {
                "0": [
                    [
                        {
                            "id": "test",
                            "single_end": false
                        },
                        [
                            "test_1.merged.fastq.gz:md5,3ad9406595fafec8172368f9cd0b6a22",
                            "test_2.merged.fastq.gz:md5,a52cab0b840c7178b0ea83df1fdbe8d5"
                        ]
                    ]
                ],
                "1": [
                    "versions.yml:md5,6ef4fd28546a005865b9454bbedbf81a"
                ],
                "reads": [
                    [
                        {
                            "id": "test",
                            "single_end": false
                        },
                        [
                            "test_1.merged.fastq.gz:md5,3ad9406595fafec8172368f9cd0b6a22",
                            "test_2.merged.fastq.gz:md5,a52cab0b840c7178b0ea83df1fdbe8d5"
                        ]
                    ]
                ],
                "versions": [
                    "versions.yml:md5,6ef4fd28546a005865b9454bbedbf81a"
                ]
            }
        ],
        "meta": {
            "nf-test": "0.8.4",
            "nextflow": "23.10.1"
        },
        "timestamp": "2024-04-29T16:37:57.433932239"
    }
}