{
    "Eubacterium_rectale - paired end - works": {
        "content": [
            {
                "0": [
                    "Eubacterium_rectale_pangenome.tsv:md5,c386350407e2787f4c108b73edeb49da"
                ],
                "1": [
                    [
                        {
                            "id": "test",
                            "single_end": false
                        },
                        "test_Eubacterium_rectale_1.tsv:md5,4f3269cba7741128e6b8749c2e80a5bd"
                    ]
                ],
                "2": [
                    [
                        {
                            "id": "test",
                            "single_end": false
                        },
                        "Eubacterium_rectale_profile.tsv:md5,f6619751444821d2e9ee1f4dfd7ec301"
                    ]
                ],
                "3": [
                    "versions.yml:md5,91040bc18a58ef8d1f8deb19414b74cf",
                    "versions.yml:md5,9743fc172c58fa40d3c30950b7844912",
                    "versions.yml:md5,9743fc172c58fa40d3c30950b7844912"
                ],
                "mapping_directory": [
                    [
                        {
                            "id": "test",
                            "single_end": false
                        },
                        "test_Eubacterium_rectale_1.tsv:md5,4f3269cba7741128e6b8749c2e80a5bd"
                    ]
                ],
                "pangenome": [
                    "Eubacterium_rectale_pangenome.tsv:md5,c386350407e2787f4c108b73edeb49da"
                ],
                "panphlan_profile": [
                    [
                        {
                            "id": "test",
                            "single_end": false
                        },
                        "Eubacterium_rectale_profile.tsv:md5,f6619751444821d2e9ee1f4dfd7ec301"
                    ]
                ],
                "versions": [
                    "versions.yml:md5,91040bc18a58ef8d1f8deb19414b74cf",
                    "versions.yml:md5,9743fc172c58fa40d3c30950b7844912",
                    "versions.yml:md5,9743fc172c58fa40d3c30950b7844912"
                ]
            }
        ],
        "meta": {
            "nf-test": "0.8.4",
            "nextflow": "24.04.2"
        },
        "timestamp": "2024-06-18T18:23:24.388768054"
    }
}