{
    "fastq.gz & DEMO & DEMO_diamond": {
        "content": [
            {
                "0": [
                    [
                        {
                            "id": "test",
                            "single_end": true
                        },
                        "test1_1_genefamilies.tsv:md5,37c7f9e26141fd213f73877176f0076c"
                    ]
                ],
                "1": [
                    [
                        {
                            "id": "test",
                            "single_end": true
                        },
                        "test1_1_pathabundance.tsv:md5,bd790d8269b4bcf475bc5662ad3fdd99"
                    ]
                ],
                "2": [
                    [
                        {
                            "id": "test",
                            "single_end": true
                        },
                        "test1_1_pathcoverage.tsv:md5,ac43fdbd36e126d295a36982152bdec5"
                    ]
                ],
                "3": [
                    [
                        {
                            "id": "test",
                            "single_end": true
                        },
                        "test.log:md5,7351fe27626790b11a77ab99fa9b0a2d"
                    ]
                ],
                "4": [
                    "versions.yml:md5,ec12a2ee414ef5a97015efd842118bc1"
                ],
                "genefamilies": [
                    [
                        {
                            "id": "test",
                            "single_end": true
                        },
                        "test1_1_genefamilies.tsv:md5,37c7f9e26141fd213f73877176f0076c"
                    ]
                ],
                "log": [
                    [
                        {
                            "id": "test",
                            "single_end": true
                        },
                        "test.log:md5,7351fe27626790b11a77ab99fa9b0a2d"
                    ]
                ],
                "pathabundance": [
                    [
                        {
                            "id": "test",
                            "single_end": true
                        },
                        "test1_1_pathabundance.tsv:md5,bd790d8269b4bcf475bc5662ad3fdd99"
                    ]
                ],
                "pathcoverage": [
                    [
                        {
                            "id": "test",
                            "single_end": true
                        },
                        "test1_1_pathcoverage.tsv:md5,ac43fdbd36e126d295a36982152bdec5"
                    ]
                ],
                "versions": [
                    "versions.yml:md5,ec12a2ee414ef5a97015efd842118bc1"
                ]
            }
        ],
        "meta": {
            "nf-test": "0.8.4",
            "nextflow": "23.10.1"
        },
        "timestamp": "2024-05-01T23:34:29.267686473"
    },
    "HUMANN_HUMANN with Biobakery demo fastq and metaphlan profile": {
        "content": [
            {
                "0": [
                    
                ],
                "1": [
                    
                ],
                "2": [
                    
                ],
                "3": [
                    
                ],
                "4": [
                    
                ],
                "genefamilies": [
                    
                ],
                "log": [
                    
                ],
                "pathabundance": [
                    
                ],
                "pathcoverage": [
                    
                ],
                "versions": [
                    
                ]
            }
        ],
        "meta": {
            "nf-test": "0.8.4",
            "nextflow": "23.10.1"
        },
        "timestamp": "2024-05-01T23:03:57.555977518"
    },
    "sarscov2 - bam - stub": {
        "content": [
            {
                "0": [
                    [
                        {
                            "id": "test",
                            "single_end": true
                        },
                        "test_genefamilies.tsv:md5,d41d8cd98f00b204e9800998ecf8427e"
                    ]
                ],
                "1": [
                    [
                        {
                            "id": "test",
                            "single_end": true
                        },
                        "test_pathabundance.tsv:md5,d41d8cd98f00b204e9800998ecf8427e"
                    ]
                ],
                "2": [
                    [
                        {
                            "id": "test",
                            "single_end": true
                        },
                        "test_pathcoverage.tsv:md5,d41d8cd98f00b204e9800998ecf8427e"
                    ]
                ],
                "3": [
                    [
                        {
                            "id": "test",
                            "single_end": true
                        },
                        "test.log:md5,d41d8cd98f00b204e9800998ecf8427e"
                    ]
                ],
                "4": [
                    "versions.yml:md5,ec12a2ee414ef5a97015efd842118bc1"
                ],
                "genefamilies": [
                    [
                        {
                            "id": "test",
                            "single_end": true
                        },
                        "test_genefamilies.tsv:md5,d41d8cd98f00b204e9800998ecf8427e"
                    ]
                ],
                "log": [
                    [
                        {
                            "id": "test",
                            "single_end": true
                        },
                        "test.log:md5,d41d8cd98f00b204e9800998ecf8427e"
                    ]
                ],
                "pathabundance": [
                    [
                        {
                            "id": "test",
                            "single_end": true
                        },
                        "test_pathabundance.tsv:md5,d41d8cd98f00b204e9800998ecf8427e"
                    ]
                ],
                "pathcoverage": [
                    [
                        {
                            "id": "test",
                            "single_end": true
                        },
                        "test_pathcoverage.tsv:md5,d41d8cd98f00b204e9800998ecf8427e"
                    ]
                ],
                "versions": [
                    "versions.yml:md5,ec12a2ee414ef5a97015efd842118bc1"
                ]
            }
        ],
        "meta": {
            "nf-test": "0.8.4",
            "nextflow": "23.10.1"
        },
        "timestamp": "2024-04-19T21:44:03.126978394"
    },
    "bacteroides_fragilis - illumina - test1_contigs_fa_gz - stub": {
        "content": [
            {
                "0": [
                    
                ],
                "1": [
                    
                ],
                "2": [
                    
                ],
                "3": [
                    
                ],
                "genefamilies": [
                    
                ],
                "pathabundance": [
                    
                ],
                "pathcoverage": [
                    
                ],
                "versions": [
                    
                ]
            }
        ],
        "meta": {
            "nf-test": "0.8.4",
            "nextflow": "23.10.1"
        },
        "timestamp": "2024-04-19T07:49:55.763714667"
    }
}